// Jest Snapshot v1, https://goo.gl/fbAQLP

exports[`HomeView 1`] = `
<div
  className={undefined}
/>
`;
